     1                                  bits 32 ; assembling for the 32 bits architecture
     2                                  
     3                                  ; declare the EntryPoint (a label defining the very first instruction of the program)
     4                                  global start        
     5                                  
     6                                  ; declare external functions needed by our program
     7                                  extern exit               ; tell nasm that exit exists even if we won't be defining it
     8                                  import exit msvcrt.dll    ; exit is a function that ends the calling process. It is defined in msvcrt.dll
     9                                                            ; msvcrt.dll contains exit, printf and all the other important C-runtime specific functions
    10                                  
    11                                  ; our data is declared here (the variables needed by our program)
    12                                  segment data use32 class=data
    13 00000000 0111                            a dw 1101001111111101h
    13          ******************       warning: word data exceeds bounds [-w+number-overflow]
    14                                  ; our code starts here
    15                                  segment code use32 class=code
    16                                      start:
    17 00000000 66A1[00000000]                  mov AX, word [a]
    18 00000006 66F7D0                          not AX
    19 00000009 66F715[00000000]                not word [a]
    20 00000010 F6D0                            not AL
    21 00000012 F6D4                            not AH
    22 00000014 66F7D3                          not BX
    23                                          
    24 00000017 6A00                            push    dword 0      ; push the parameter for exit onto the stack
    25 00000019 FF15[00000000]                  call    [exit]       ; call exit to terminate the program
